
1961 1960 echo 1 
1962 1960 echo 2 
1963 1960 echo 3 
1964 1960 echo 4 
1965 1960 echo 5 
1966 1960 echo 6 
1967 1960 echo 7 
1968 1960 echo 8 
1969 1960 echo 9 
1970 1960 echo 10 
1971 1960 echo 11 
1972 1960 echo 12 
1973 1960 echo 13 
1974 1960 echo 14 
1975 1960 echo 15 
1976 1960 echo 16 
1977 1960 echo 17 
1978 1960 echo 18 
1979 1960 echo 19 
1980 1960 echo 20 
1981 1960 echo 21 
1982 1960 echo 22 
1983 1960 echo 23 
1984 1960 echo 24 
1960 1959 echo 0 