
1871 1870 echo 24 
1870 1869 echo 23 
1869 1868 echo 22 
1868 1867 echo 21 
1867 1866 echo 20 
1866 1865 echo 19 
1865 1864 echo 18 
1864 1863 echo 17 
1863 1862 echo 16 
1862 1861 echo 15 
1861 1860 echo 14 
1860 1859 echo 13 
1859 1858 echo 12 
1858 1857 echo 11 
1857 1856 echo 10 
1856 1855 echo 9 
1855 1854 echo 8 
1854 1853 echo 7 
1853 1852 echo 6 
1852 1851 echo 5 
1851 1850 echo 4 
1850 1849 echo 3 
1849 1848 echo 2 
1848 1847 echo 1 
1847 1846 echo 0 